<h1>Posts for tag two</h1>
<ul>
  <li>two</li>
</ul>