<h1>Posts for tag one</h1>
<ul>
  <li>one</li>
</ul>