<h1>Posts for tag two</h1>
<ul>
  <li>one</li>
</ul>