<h1>Posts for tag three</h1>
<ul>
  <li>three</li>
</ul>